error: proc macro panicked
 --> tests/typing/fail/clock-04.rs:3:1
  |
3 | / sync! {
4 | |     #![pass(1)]
5 | |
6 | |     node oui() = ()
7 | |     where
8 | |         a : float = 3.0 whennot a;
9 | | }
  | |_^
  |
  = help: message: not yet implemented: raise error: clock not boolean
