error: tuples don't exist: int * int is not a valid type...
 --> tests/typing/fail/nontuple-04.rs:6:23
  |
6 |         a : int = 3 + oui();
  |                       ^^^^^
