error: type mismatch: left has type `int`, right has type `float`
 --> tests/typing/fail/type-mismatch-02.rs:8:20
  |
8 |         oh : int = if bye { hello } else { 3.0 };
  |                    ^^^^^^^^^^^^^^^^^^^^^^^^^^^^^
