error: type mismatch: left has type `int`, right has type `bool`
 --> tests/typing/fail/type-mismatch-05.rs:8:19
  |
8 |         a : int = 3 + false;
  |                   ^^^^^^^^^
