error: type mismatch: left has type `int`, right has type `float`
 --> tests/typing/fail/type-mismatch-01.rs:8:19
  |
8 |         o : int = 3.0;
  |                   ^^^
